AdjustWindowPos()                 mainaux.c
Attr2Text()                       eas.c
BreakFontAttrs()                  preferencesAux.c
DrawListBoxItem()                 mainaux.c
EnableAutoReport()                preferencesAux.c
EnableBrowsing()                  window.c
EnableExtProg()                   preferencesAux.c
EnableImport()                    preferencesAux.c
EnableUserDef()                   preferencesAux.c
FillDirList()                     folder.c
FillDriveList()                   drive.c
GenDlgProc()                      preferences.c
GetAttr()                         attribute.c
GetEa()                           eas.c
GetFileFlags()                    OrdAttrs.c
GetFileSpecs()                    file.c
GetDefaultProfile()               profile.c
GetMaxDay()                       utils.c
GetOrdAttrs()                     OrdAttrs.c
Iconize()                         window.c
Imp1DlgProc()                     preferences.c
Imp2DlgProc()                     preferences.c
InitDlg()                         init.c
InitEditMenu()                    window.c
InitGeneralPage()                 preferencesAux.c
InitializeSpin()                  window.c
InitImport1Page()                 preferencesAux.c
InitImport2Page()                 preferencesAux.c
InitReportPage()                  preferencesAux.c
InitSelectionPage()               preferencesAux.c
isChanged()                       file.c
isInFileList()                    utils.c
isMultiFileSelected()             utils.c
isOrdAttrChanged()                OrdAttrs.c
isWildCh()                        utils.c
i2str()                           utils.c
JoinFontAttrs()                   preferencesAux.c
LogoDlgProc()                     AuxDlgs.c
MaskDlgProc()                     AuxDlgs.c
MinMaxFrame()                     mainaux.c
MyDlgProc()                       attman.c
NewEFWinProc()                    attman.c
NewFontDlgProc()                  preferencesAux.c
NewMleWinProc()                   attman.c
NewTitleWinProc()                 attman.c
ParseArgs()                       init.c
ParseProfile()                    profile.c
PrefDlgProc()                     preferences.c
ProcessButtonClose()              commands.c
ProcessButtonFind()               commands.c
ProcessButtonImport()             commands.c
ProcessButtonOpen()               commands.c
ProcessButtonReport()             commands.c
ProcessButtonSave()               commands.c
ProcessCommand()                  mainaux.c
ProcessControl()                  mainaux.c
ProcessDragOver()                 drop.c
ProcessDriveSelection()           drive.c
ProcessDrop()                     drop.c
ProcessFileSelection()            file.c
ProcessFolderSelection()          folder.c
ProcessMBttn2Down()               mainaux.c
ProcessMBttn2Up()                 mainaux.c
ProcessMeasureItem()              mainaux.c
ProcessMenuAll()                  commands.c
ProcessMenuBrowse()               commands.c
ProcessMenuClear()                commands.c
ProcessMenuCopy()                 commands.c
ProcessMenuCut()                  commands.c
ProcessMenuDeselAll()             commands.c
ProcessMenuExit()                 commands.c
ProcessMenuFind()                 commands.c
ProcessMenuFont()                 commands.c
ProcessMenuFullTree()             commands.c
ProcessMenuHelpGeneral()          commands.c
ProcessMenuHelpIDX()              commands.c
ProcessMenuHelpKey()              commands.c
ProcessMenuHelpProduct()          commands.c
ProcessMenuHelpUse()              commands.c
ProcessMenuID_DIZ()               commands.c
ProcessMenuMask()                 commands.c
ProcessMenuOther()                commands.c
ProcessMenuPaste()                commands.c
ProcessMenuPreferences()          commands.c
ProcessMenuReadOnly()             commands.c
ProcessMenuRefresh()              commands.c
ProcessMenuSelAll()               commands.c
ProcessMenuSelected()             commands.c
ProcessMenuUndo()                 commands.c
ProcessMenu4Dos()                 commands.c
ProcessPresParmsChanged()         mainaux.c
ProcessTermination()              mainaux.c
ProgDlgProc()                     AuxDlgs.c
PutEa()                           eas.c
QueryCurrentPath()                folder.c
ReadMle()                         attribute.c
ReadNewOrdAttrs()                 OrdAttrs.c
ReadNewSettings()                 preferencesAux.c
RepDlgProc()                      preferences.c
ResizeControls()                  window.c
SaveDlgProc()                     AuxDlgs.c
SaveMultiDlgProc()                AuxDlgs.c
SelDlgProc()                      preferences.c
SetDateTime Limits()              window.c
SetDialogFont()                   window.c
SetDisk()                         drive.c
SetMenuCondCascadeStyle()         window.c
SetMenuDefaults()                 window.c
SetPath()                         folder.c
SetSubjectLimit()                 window.c 
ShowAttr()                        attribute.c
ShowContextMenu()                 window.c
ShowDateTime()                    OrdAttrs.c
ShowFlyHelp()                     window.c
ShowFontDlg()                     preferencesAux.c
sstrcat()                         sstring.c
sstrcmp()                         sstring.c
sstrcpy()                         sstring.c
sstricmp()                        sstring.c
sstrlen()                         sstring.c
sstrncmp()                        sstring.c
SwitchBrowserVisibility()         window.c
SwitchCheckBoxStyle()             window.c
SwitchEditMode()                  window.c
SwitchSelectionMode()             window.c
Text2Attr()                       eas.c
UpdateSettings()                  profile.c
UpdateOrdAttr()                   OrdAttrs.c
WildCmp()                         utils.c
WriteComments()                   attribute.c
WriteKeyPhrases()                 attribute.c
WriteNewAttr()                    attribute.c
WriteAMSettings)()                profile.c
WriteSubject()                    attribute.c
